0 verbose cli /Users/mohaiminul/.nvm/versions/node/v25.1.0/bin/node /Users/mohaiminul/.nvm/versions/node/v25.1.0/bin/npm
1 info using npm@11.6.2
2 info using node@v25.1.0
3 silly config load:file:/Users/mohaiminul/.nvm/versions/node/v25.1.0/lib/node_modules/npm/npmrc
4 silly config load:file:/Users/mohaiminul/Library/Caches/typescript/5.6/.npmrc
5 silly config load:file:/Users/mohaiminul/.npmrc
6 silly config load:file:/Users/mohaiminul/.nvm/versions/node/v25.1.0/etc/npmrc
7 verbose title npm install @types/express@ts5.6
8 verbose argv "install" "--ignore-scripts" "@types/express@ts5.6" "--save-dev" "--user-agent" "typesInstaller/5.6.3"
9 verbose logfile logs-max:10 dir:/Users/mohaiminul/.npm/_logs/2025-10-31T04_39_13_013Z-
10 verbose logfile /Users/mohaiminul/.npm/_logs/2025-10-31T04_39_13_013Z-debug-0.log
11 silly logfile done cleaning log files
12 silly packumentCache heap:2348810240 maxSize:587202560 maxEntrySize:293601280
13 silly packumentCache corgi:https://registry.npmjs.org/@types%2fexpress cache-miss
14 http fetch GET 200 https://registry.npmjs.org/@types%2fexpress 315ms (cache miss)
15 silly packumentCache corgi:https://registry.npmjs.org/@types%2fexpress set size:undefined disposed:false
16 silly idealTree buildDeps
17 silly fetch manifest @types/express@5.0.5
18 silly packumentCache full:https://registry.npmjs.org/@types%2fexpress cache-miss
19 http fetch GET 200 https://registry.npmjs.org/@types%2fexpress 353ms (cache miss)
20 silly packumentCache full:https://registry.npmjs.org/@types%2fexpress set size:undefined disposed:false
21 silly placeDep ROOT @types/express@5.0.5 OK for:  want: 5.0.5
22 silly fetch manifest @types/body-parser@*
23 silly packumentCache full:https://registry.npmjs.org/@types%2fbody-parser cache-miss
24 silly fetch manifest @types/serve-static@^1
25 silly packumentCache full:https://registry.npmjs.org/@types%2fserve-static cache-miss
26 silly fetch manifest @types/express-serve-static-core@^5.0.0
27 silly packumentCache full:https://registry.npmjs.org/@types%2fexpress-serve-static-core cache-miss
28 http fetch GET 200 https://registry.npmjs.org/@types%2fbody-parser 211ms (cache miss)
29 silly packumentCache full:https://registry.npmjs.org/@types%2fbody-parser set size:undefined disposed:false
30 http fetch GET 200 https://registry.npmjs.org/@types%2fserve-static 284ms (cache miss)
31 silly packumentCache full:https://registry.npmjs.org/@types%2fserve-static set size:undefined disposed:false
32 http fetch GET 200 https://registry.npmjs.org/@types%2fexpress-serve-static-core 310ms (cache miss)
33 silly packumentCache full:https://registry.npmjs.org/@types%2fexpress-serve-static-core set size:undefined disposed:false
34 silly placeDep ROOT @types/body-parser@1.19.6 OK for: @types/express@5.0.5 want: *
35 silly placeDep ROOT @types/express-serve-static-core@5.1.0 OK for: @types/express@5.0.5 want: ^5.0.0
36 silly placeDep ROOT @types/serve-static@1.15.10 OK for: @types/express@5.0.5 want: ^1
37 silly fetch manifest @types/node@*
38 silly packumentCache full:https://registry.npmjs.org/@types%2fnode cache-miss
39 silly fetch manifest @types/connect@*
40 silly packumentCache full:https://registry.npmjs.org/@types%2fconnect cache-miss
41 silly fetch manifest @types/qs@*
42 silly packumentCache full:https://registry.npmjs.org/@types%2fqs cache-miss
43 silly fetch manifest @types/node@*
44 silly packumentCache full:https://registry.npmjs.org/@types%2fnode cache-miss
45 silly fetch manifest @types/send@*
46 silly packumentCache full:https://registry.npmjs.org/@types%2fsend cache-miss
47 silly fetch manifest @types/range-parser@*
48 silly packumentCache full:https://registry.npmjs.org/@types%2frange-parser cache-miss
49 silly fetch manifest @types/node@*
50 silly packumentCache full:https://registry.npmjs.org/@types%2fnode cache-miss
51 http fetch GET 200 https://registry.npmjs.org/@types%2fconnect 245ms (cache miss)
52 silly packumentCache full:https://registry.npmjs.org/@types%2fconnect set size:undefined disposed:false
53 silly fetch manifest @types/send@<1
54 silly packumentCache full:https://registry.npmjs.org/@types%2fsend cache-miss
55 http fetch GET 200 https://registry.npmjs.org/@types%2fqs 272ms (cache miss)
56 silly packumentCache full:https://registry.npmjs.org/@types%2fqs set size:undefined disposed:false
57 silly fetch manifest @types/http-errors@*
58 silly packumentCache full:https://registry.npmjs.org/@types%2fhttp-errors cache-miss
59 http fetch GET 200 https://registry.npmjs.org/@types%2fsend 301ms (cache miss)
60 silly packumentCache full:https://registry.npmjs.org/@types%2fsend set size:undefined disposed:false
61 http fetch GET 200 https://registry.npmjs.org/@types%2fhttp-errors 282ms (cache miss)
62 silly packumentCache full:https://registry.npmjs.org/@types%2fhttp-errors set size:undefined disposed:false
63 http fetch GET 200 https://registry.npmjs.org/@types%2frange-parser 563ms (cache miss)
64 silly packumentCache full:https://registry.npmjs.org/@types%2frange-parser set size:undefined disposed:false
65 http fetch GET 200 https://registry.npmjs.org/@types%2fsend 812ms (cache miss)
66 silly packumentCache full:https://registry.npmjs.org/@types%2fsend set size:undefined disposed:false
67 http fetch GET 200 https://registry.npmjs.org/@types%2fnode 1426ms (cache miss)
68 silly packumentCache full:https://registry.npmjs.org/@types%2fnode set size:undefined disposed:false
69 http fetch GET 200 https://registry.npmjs.org/@types%2fnode 2405ms (cache miss)
70 silly packumentCache full:https://registry.npmjs.org/@types%2fnode set size:undefined disposed:false
71 http fetch GET 200 https://registry.npmjs.org/@types%2fnode 2947ms (cache miss)
72 silly packumentCache full:https://registry.npmjs.org/@types%2fnode set size:undefined disposed:false
73 silly placeDep ROOT @types/connect@3.4.38 OK for: @types/body-parser@1.19.6 want: *
74 silly placeDep ROOT @types/node@24.9.2 OK for: @types/body-parser@1.19.6 want: *
75 silly fetch manifest undici-types@~7.16.0
76 silly packumentCache full:https://registry.npmjs.org/undici-types cache-miss
77 http fetch GET 200 https://registry.npmjs.org/undici-types 40ms (cache miss)
78 silly packumentCache full:https://registry.npmjs.org/undici-types set size:undefined disposed:false
79 silly placeDep ROOT @types/qs@6.14.0 OK for: @types/express-serve-static-core@5.1.0 want: *
80 silly placeDep ROOT @types/range-parser@1.2.7 OK for: @types/express-serve-static-core@5.1.0 want: *
81 silly placeDep ROOT @types/send@1.2.1 OK for: @types/express-serve-static-core@5.1.0 want: *
82 silly placeDep ROOT undici-types@7.16.0 OK for: @types/node@24.9.2 want: ~7.16.0
83 silly placeDep ROOT @types/http-errors@2.0.5 OK for: @types/serve-static@1.15.10 want: *
84 silly placeDep node_modules/@types/serve-static @types/send@0.17.6 OK for: @types/serve-static@1.15.10 want: <1
85 silly fetch manifest @types/mime@^1
86 silly packumentCache full:https://registry.npmjs.org/@types%2fmime cache-miss
87 http fetch GET 200 https://registry.npmjs.org/@types%2fmime 336ms (cache miss)
88 silly packumentCache full:https://registry.npmjs.org/@types%2fmime set size:undefined disposed:false
89 silly placeDep ROOT @types/mime@1.3.5 OK for: @types/send@0.17.6 want: ^1
90 silly reify moves {}
91 silly audit bulk request {
91 silly audit   'types-registry': [ '0.1.744' ],
91 silly audit   '@types/express': [ '5.0.5' ],
91 silly audit   '@types/body-parser': [ '1.19.6' ],
91 silly audit   '@types/express-serve-static-core': [ '5.1.0' ],
91 silly audit   '@types/serve-static': [ '1.15.10' ],
91 silly audit   '@types/connect': [ '3.4.38' ],
91 silly audit   '@types/node': [ '24.9.2' ],
91 silly audit   '@types/qs': [ '6.14.0' ],
91 silly audit   '@types/range-parser': [ '1.2.7' ],
91 silly audit   '@types/send': [ '1.2.1', '0.17.6' ],
91 silly audit   'undici-types': [ '7.16.0' ],
91 silly audit   '@types/http-errors': [ '2.0.5' ],
91 silly audit   '@types/mime': [ '1.3.5' ]
91 silly audit }
92 http cache @types/mime@https://registry.npmjs.org/@types/mime/-/mime-1.3.5.tgz 0ms (cache hit)
93 http cache @types/http-errors@https://registry.npmjs.org/@types/http-errors/-/http-errors-2.0.5.tgz 0ms (cache hit)
94 http cache undici-types@https://registry.npmjs.org/undici-types/-/undici-types-7.16.0.tgz 0ms (cache hit)
95 http cache @types/range-parser@https://registry.npmjs.org/@types/range-parser/-/range-parser-1.2.7.tgz 0ms (cache hit)
96 http cache @types/send@https://registry.npmjs.org/@types/send/-/send-1.2.1.tgz 0ms (cache hit)
97 http cache @types/qs@https://registry.npmjs.org/@types/qs/-/qs-6.14.0.tgz 0ms (cache hit)
98 http cache @types/node@https://registry.npmjs.org/@types/node/-/node-24.9.2.tgz 0ms (cache hit)
99 http cache @types/connect@https://registry.npmjs.org/@types/connect/-/connect-3.4.38.tgz 0ms (cache hit)
100 http cache @types/serve-static@https://registry.npmjs.org/@types/serve-static/-/serve-static-1.15.10.tgz 0ms (cache hit)
101 http cache @types/express-serve-static-core@https://registry.npmjs.org/@types/express-serve-static-core/-/express-serve-static-core-5.1.0.tgz 0ms (cache hit)
102 http cache @types/express@https://registry.npmjs.org/@types/express/-/express-5.0.5.tgz 0ms (cache hit)
103 http cache @types/send@https://registry.npmjs.org/@types/send/-/send-0.17.6.tgz 0ms (cache hit)
104 http cache @types/body-parser@https://registry.npmjs.org/@types/body-parser/-/body-parser-1.19.6.tgz 0ms (cache hit)
105 silly tarball no local data for @types/mime@https://registry.npmjs.org/@types/mime/-/mime-1.3.5.tgz. Extracting by manifest.
106 silly tarball no local data for @types/http-errors@https://registry.npmjs.org/@types/http-errors/-/http-errors-2.0.5.tgz. Extracting by manifest.
107 silly tarball no local data for undici-types@https://registry.npmjs.org/undici-types/-/undici-types-7.16.0.tgz. Extracting by manifest.
108 silly tarball no local data for @types/range-parser@https://registry.npmjs.org/@types/range-parser/-/range-parser-1.2.7.tgz. Extracting by manifest.
109 silly tarball no local data for @types/send@https://registry.npmjs.org/@types/send/-/send-1.2.1.tgz. Extracting by manifest.
110 silly tarball no local data for @types/qs@https://registry.npmjs.org/@types/qs/-/qs-6.14.0.tgz. Extracting by manifest.
111 silly tarball no local data for @types/node@https://registry.npmjs.org/@types/node/-/node-24.9.2.tgz. Extracting by manifest.
112 silly tarball no local data for @types/connect@https://registry.npmjs.org/@types/connect/-/connect-3.4.38.tgz. Extracting by manifest.
113 silly tarball no local data for @types/serve-static@https://registry.npmjs.org/@types/serve-static/-/serve-static-1.15.10.tgz. Extracting by manifest.
114 silly tarball no local data for @types/express-serve-static-core@https://registry.npmjs.org/@types/express-serve-static-core/-/express-serve-static-core-5.1.0.tgz. Extracting by manifest.
115 silly tarball no local data for @types/express@https://registry.npmjs.org/@types/express/-/express-5.0.5.tgz. Extracting by manifest.
116 silly tarball no local data for @types/send@https://registry.npmjs.org/@types/send/-/send-0.17.6.tgz. Extracting by manifest.
117 silly tarball no local data for @types/body-parser@https://registry.npmjs.org/@types/body-parser/-/body-parser-1.19.6.tgz. Extracting by manifest.
118 http fetch GET 200 https://registry.npmjs.org/undici-types/-/undici-types-7.16.0.tgz 65ms (cache miss)
119 http fetch GET 200 https://registry.npmjs.org/@types/mime/-/mime-1.3.5.tgz 153ms (cache miss)
120 http fetch GET 200 https://registry.npmjs.org/@types/range-parser/-/range-parser-1.2.7.tgz 152ms (cache miss)
121 http fetch GET 200 https://registry.npmjs.org/@types/http-errors/-/http-errors-2.0.5.tgz 153ms (cache miss)
122 http fetch GET 200 https://registry.npmjs.org/@types/qs/-/qs-6.14.0.tgz 152ms (cache miss)
123 http fetch GET 200 https://registry.npmjs.org/@types/send/-/send-1.2.1.tgz 161ms (cache miss)
124 http fetch GET 200 https://registry.npmjs.org/@types/connect/-/connect-3.4.38.tgz 168ms (cache miss)
125 http fetch GET 200 https://registry.npmjs.org/@types/express/-/express-5.0.5.tgz 169ms (cache miss)
126 http fetch GET 200 https://registry.npmjs.org/@types/send/-/send-0.17.6.tgz 168ms (cache miss)
127 http fetch GET 200 https://registry.npmjs.org/@types/serve-static/-/serve-static-1.15.10.tgz 169ms (cache miss)
128 http fetch GET 200 https://registry.npmjs.org/@types/node/-/node-24.9.2.tgz 173ms (cache miss)
129 http fetch GET 200 https://registry.npmjs.org/@types/body-parser/-/body-parser-1.19.6.tgz 177ms (cache miss)
130 http fetch POST 200 https://registry.npmjs.org/-/npm/v1/security/advisories/bulk 286ms
131 silly audit report {}
132 http fetch GET 200 https://registry.npmjs.org/@types/express-serve-static-core/-/express-serve-static-core-5.1.0.tgz 953ms (cache miss)
133 silly ADD node_modules/@types/mime
134 silly ADD node_modules/@types/http-errors
135 silly ADD node_modules/undici-types
136 silly ADD node_modules/@types/send
137 silly ADD node_modules/@types/range-parser
138 silly ADD node_modules/@types/qs
139 silly ADD node_modules/@types/node
140 silly ADD node_modules/@types/connect
141 silly ADD node_modules/@types/serve-static
142 silly ADD node_modules/@types/serve-static/node_modules/@types/send
143 silly ADD node_modules/@types/express-serve-static-core
144 silly ADD node_modules/@types/body-parser
145 silly ADD node_modules/@types/express
146 verbose cwd /Users/mohaiminul/Library/Caches/typescript/5.6
147 verbose os Darwin 24.5.0
148 verbose node v25.1.0
149 verbose npm  v11.6.2
150 verbose exit 0
151 info ok
