0 verbose cli /Users/mohaiminul/.nvm/versions/node/v25.1.0/bin/node /Users/mohaiminul/.nvm/versions/node/v25.1.0/bin/npm
1 info using npm@11.6.2
2 info using node@v25.1.0
3 silly config load:file:/Users/mohaiminul/.nvm/versions/node/v25.1.0/lib/node_modules/npm/npmrc
4 silly config load:file:/Users/mohaiminul/Documents/Web2/lab1/task-management/.npmrc
5 silly config load:file:/Users/mohaiminul/.npmrc
6 silly config load:file:/Users/mohaiminul/.nvm/versions/node/v25.1.0/etc/npmrc
7 verbose title npm start
8 verbose argv "start"
9 verbose logfile logs-max:10 dir:/Users/mohaiminul/.npm/_logs/2025-10-31T04_42_55_378Z-
10 verbose logfile /Users/mohaiminul/.npm/_logs/2025-10-31T04_42_55_378Z-debug-0.log
11 silly logfile done cleaning log files
12 verbose stack Error: Missing script: "start"
12 verbose stack
12 verbose stack Did you mean one of these?
12 verbose stack   npm star # Mark your favorite packages
12 verbose stack   npm stars # View packages marked as favorites
12 verbose stack
12 verbose stack To see a list of scripts, run:
12 verbose stack   npm run
12 verbose stack     at #run (/Users/mohaiminul/.nvm/versions/node/v25.1.0/lib/node_modules/npm/lib/commands/run.js:115:13)
12 verbose stack     at async RunScript.exec (/Users/mohaiminul/.nvm/versions/node/v25.1.0/lib/node_modules/npm/lib/commands/run.js:44:7)
12 verbose stack     at async Npm.exec (/Users/mohaiminul/.nvm/versions/node/v25.1.0/lib/node_modules/npm/lib/npm.js:208:9)
12 verbose stack     at async module.exports (/Users/mohaiminul/.nvm/versions/node/v25.1.0/lib/node_modules/npm/lib/cli/entry.js:67:5)
13 error Missing script: "start"
13 error
13 error Did you mean one of these?
13 error   npm star # Mark your favorite packages
13 error   npm stars # View packages marked as favorites
13 error
13 error To see a list of scripts, run:
13 error   npm run
14 verbose cwd /Users/mohaiminul/Documents/Web2/lab1/task-management
15 verbose os Darwin 24.5.0
16 verbose node v25.1.0
17 verbose npm  v11.6.2
18 verbose exit 1
19 verbose code 1
20 error A complete log of this run can be found in: /Users/mohaiminul/.npm/_logs/2025-10-31T04_42_55_378Z-debug-0.log
