0 verbose cli /Users/mohaiminul/.nvm/versions/node/v25.1.0/bin/node /Users/mohaiminul/.nvm/versions/node/v25.1.0/bin/npm
1 info using npm@11.6.2
2 info using node@v25.1.0
3 silly config load:file:/Users/mohaiminul/.nvm/versions/node/v25.1.0/lib/node_modules/npm/npmrc
4 silly config load:file:/Users/mohaiminul/Documents/Web2/lab1/task-management/.npmrc
5 silly config load:file:/Users/mohaiminul/.npmrc
6 silly config load:file:/Users/mohaiminul/.nvm/versions/node/v25.1.0/etc/npmrc
7 verbose title npm init
8 verbose argv "init" "--yes"
9 verbose logfile logs-max:10 dir:/Users/mohaiminul/.npm/_logs/2025-10-31T04_37_25_693Z-
10 verbose logfile /Users/mohaiminul/.npm/_logs/2025-10-31T04_37_25_693Z-debug-0.log
11 silly logfile done cleaning log files
12 silly package data {
12 silly package data   name: 'task-management',
12 silly package data   version: '1.0.0',
12 silly package data   description: '',
12 silly package data   main: 'index.js',
12 silly package data   scripts: { test: 'echo "Error: no test specified" && exit 1' },
12 silly package data   keywords: [],
12 silly package data   author: '',
12 silly package data   license: 'ISC',
12 silly package data   type: 'commonjs'
12 silly package data }
13 verbose cwd /Users/mohaiminul/Documents/Web2/lab1/task-management
14 verbose os Darwin 24.5.0
15 verbose node v25.1.0
16 verbose npm  v11.6.2
17 verbose exit 0
18 info ok
